{"Assignment":"Assignment 2","output":"\/------------------------------------------------------------------------------\\\n|                              Summary of Results                              |\n\\------------------------------------------------------------------------------\/\nTestDesign: 4\/4\n    + 1. test no prints on import\n    + 2. test all specified classes defined\n    + 3. test all specified classes are defined correctly\n    + 4. test all classes and functions have documentation strings\nTestCard: 2\/2\n    + 1. test Card.__str__\n    + 2. test Card.__repr__\nTestNumberCard: 3\/3\n    + 1. test NumberCard.get_number\n    + 2. test NumberCard.__str__\n    + 3. test NumberCard.__repr__\nTestCoderCard: 3\/3\n    + 1. test CoderCard.get_name\n    + 2. test CoderCard.__str__\n    + 3. test CoderCard.__repr__\nTestTutorCard: 3\/3\n    + 1. test TutorCard.get_name\n    + 2. test TutorCard.__str__\n    + 3. test TutorCard.__repr__\nTestKeyboardKidnapperCard: 2\/2\n    + 1. test KeyboardKidnapperCard.__str__\n    + 2. test KeyboardKidnapperCard.__repr__\nTestAllNighterCard: 2\/2\n    + 1. test AllNighterCard.__str__\n    + 2. test AllNighterCard.__repr__\nTestDeck: 14\/14\n    + 1. test Deck.__init__\n    + 2. test Deck.get_cards\n    + 3. test Deck.get_card\n    + 4. test Deck.top\n    + 5. test Deck.remove_card\n    + 6. test Deck.get_amount\n    + 7. test Deck.shuffle\n    + 8. test Deck.pick\n    + 9. test Deck.add_card\n    + 10. test Deck.add_cards\n    + 11. test Deck.copy\n    + 12. test Deck.__str__\n    + 13. test Deck.__repr__\n    + 14. test Deck with other cards\nTestPlayer: 8\/8\n    + 1. test Player.get_name\n    + 2. test Player.get_hand\n    + 3. test Player.get_coders\n    + 4. test Player.has_won\n    + 5. test Player.__str__\n    + 6. test Player.__repr__\n    + 7. test Player with cards in deck\n    + 8. test Player.__repr__ with cards in deck\nTestPlayAndAction: 11\/12\n    - 1. test Card.play\n    + 2. test Card.action\n    + 3. test NumberCard.play\n    + 4. test NumberCard.action\n    + 5. test CoderCard.play\n    + 6. test CoderCard.action\n    + 7. test TutorCard.play\n    + 8. test TutorCard.action\n    + 9. test KeyboardKidnapperCard.play\n    + 10. test KeyboardKidnapperCard.action\n    + 11. test AllNighterCard.play\n    + 12. test AllNighterCard.action\nTestNoPrint: 1\/1\n    + check for no unexpected prints\n--------------------------------------------------------------------------------\n\/------------------------------------------------------------------------------\\\n|                             Failed\/Skipped Tests                             |\n\\------------------------------------------------------------------------------\/\n================================================================================\nFAIL: TestPlayAndAction 1. test Card.play\n--------------------------------------------------------------------------------\n    Traceback (most recent call last):\n      File \"test_a2.py\", line 777, in test_card_play\n        new_state = self._test_play_card_common()\n      File \"test_a2.py\", line 731, in _test_play_card_common\n        self.assertIs(new_state.current_player.get_hand().top(), state.pickup_pile[-1])\n    AssertionError: Card() is not Card()\n\n--------------------------------------------------------------------------------\nRan 54 tests in 0.594 seconds with 53 passed\/0 skipped\/1 failed.\n","Current Grade":"Needs Grading","Submission Field":"There is no student submission text data for this assignment.","test":{"total":54,"failed":1,"passed":53,"time":0.5951807800011011,"results":{"TestDesign":{"test_clean_import":"+","test_classes_defined":"+","test_classes_defined_correctly":"+","test_doc_strings":"+"},"TestCoderCard":{"test_repr":"+","test_get_number":"+","test_str":"+"},"TestDeck":{"test_str_with_other_cards":"+","test_get_card":"+","test_get_cards":"+","test_top":"+","test_shuffle":"+","test_copy":"+","test_deck_init":"+","test_repr":"+","test_pick":"+","test_add_cards":"+","test_get_amount":"+","test_str":"+","test_remove_card":"+","test_add_card":"+"},"TestNumberCard":{"test_repr":"+","test_get_number":"+","test_str":"+"},"TestCard":{"test_repr":"+","test_str":"+"},"TestPlayer":{"test_get_coders":"+","test_str_cards":"+","test_repr":"+","test_repr_cards":"+","test_has_won":"+","test_get_name":"+","test_str":"+","test_get_hand":"+"},"TestAllNighterCard":{"test_repr":"+","test_str":"+"},"TestPlayAndAction":{"test_number_action":"+","test_coder_play":"+","test_keyboard_action":"+","test_card_action":"+","test_number_play":"+","test_card_play":"-","test_all_nighter_play":"+","test_keyboard_play":"+","test_all_nighter_action":"+","test_coder_action":"+","test_tutor_play":"+","test_tutor_action":"+"},"TestKeyboardKidnapperCard":{"test_repr":"+","test_str":"+"},"TestTutorCard":{"test_repr":"+","test_get_number":"+","test_str":"+"},"TestNoPrint":{"runTest":"+"}},"errors":[],"skipped":0},"Comments":"There are no student comments for this assignment.","root":".","Date Submitted":"Friday, 20 September 2019 8:19:26 PM AEST","files":{"a2.py":"Assignment 2_s1234564_attempt_2019-09-20-20-19-26_a2.py"},"Name":"Laura Murphy (s1234564)","sid":"s1234564","timestamp":1576221307}