{"Assignment":"Assignment 2","output":"\/------------------------------------------------------------------------------\\\n|                              Summary of Results                              |\n\\------------------------------------------------------------------------------\/\nTestDesign: 0\/4\n    ? 1. test no prints on import\n    ? 2. test all specified classes defined\n    ? 3. test all specified classes are defined correctly\n    ? 4. test all classes and functions have documentation strings\nTestCard: 0\/2\n    ? 1. test Card.__str__\n    ? 2. test Card.__repr__\nTestNumberCard: 0\/3\n    ? 1. test NumberCard.get_number\n    ? 2. test NumberCard.__str__\n    ? 3. test NumberCard.__repr__\nTestCoderCard: 0\/3\n    ? 1. test CoderCard.get_name\n    ? 2. test CoderCard.__str__\n    ? 3. test CoderCard.__repr__\nTestTutorCard: 0\/3\n    ? 1. test TutorCard.get_name\n    ? 2. test TutorCard.__str__\n    ? 3. test TutorCard.__repr__\nTestKeyboardKidnapperCard: 0\/2\n    ? 1. test KeyboardKidnapperCard.__str__\n    ? 2. test KeyboardKidnapperCard.__repr__\nTestAllNighterCard: 0\/2\n    ? 1. test AllNighterCard.__str__\n    ? 2. test AllNighterCard.__repr__\nTestDeck: 0\/14\n    - 1. test Deck.__init__\n    - 2. test Deck.get_cards\n    - 3. test Deck.get_card\n    - 4. test Deck.top\n    ? 5. test Deck.remove_card\n    - 6. test Deck.get_amount\n    - 7. test Deck.shuffle\n    ? 8. test Deck.pick\n    ? 9. test Deck.add_card\n    ? 10. test Deck.add_cards\n    ? 11. test Deck.copy\n    - 12. test Deck.__str__\n    - 13. test Deck.__repr__\n    - 14. test Deck with other cards\nTestPlayer: 0\/8\n    ? 1. test Player.get_name\n    ? 2. test Player.get_hand\n    ? 3. test Player.get_coders\n    ? 4. test Player.has_won\n    ? 5. test Player.__str__\n    ? 6. test Player.__repr__\n    ? 7. test Player with cards in deck\n    ? 8. test Player.__repr__ with cards in deck\nTestPlayAndAction: 0\/12\n    ? 1. test Card.play\n    ? 2. test Card.action\n    ? 3. test NumberCard.play\n    ? 4. test NumberCard.action\n    ? 5. test CoderCard.play\n    ? 6. test CoderCard.action\n    ? 7. test TutorCard.play\n    ? 8. test TutorCard.action\n    ? 9. test KeyboardKidnapperCard.play\n    ? 10. test KeyboardKidnapperCard.action\n    ? 11. test AllNighterCard.play\n    ? 12. test AllNighterCard.action\nTestNoPrint: 1\/1\n    + check for no unexpected prints\n--------------------------------------------------------------------------------\n\/------------------------------------------------------------------------------\\\n|                                Failed Imports                                |\n\\------------------------------------------------------------------------------\/\n================================================================================\nREASON: EXCEPTION (a2.py)\n--------------------------------------------------------------------------------\n    Traceback (most recent call last):\n      File \"a2_support.py\", line 8, in <module>\n        from a2 import NumberCard, TutorCard, CoderCard, AllNighterCard, KeyboardKidnapperCard\n    ModuleNotFoundError: No module named 'a2'\n\n================================================================================\nREASON: EXCEPTION (a2_support.py)\n--------------------------------------------------------------------------------\n    Traceback (most recent call last):\n      File \"a2_support.py\", line 8, in <module>\n        from a2 import NumberCard, TutorCard, CoderCard, AllNighterCard, KeyboardKidnapperCard\n    ModuleNotFoundError: No module named 'a2'\n\n--------------------------------------------------------------------------------\n\/------------------------------------------------------------------------------\\\n|                             Failed\/Skipped Tests                             |\n\\------------------------------------------------------------------------------\/\n================================================================================\nSKIP: TestDesign 1. test no prints on import\n--------------------------------------------------------------------------------\n    Failed to import 'a2.py'\n\n================================================================================\nSKIP: TestDesign 2. test all specified classes defined\n--------------------------------------------------------------------------------\n    AS ABOVE\n\n================================================================================\nSKIP: TestDesign 3. test all specified classes are defined correctly\n--------------------------------------------------------------------------------\n    AS ABOVE\n\n================================================================================\nSKIP: TestDesign 4. test all classes and functions have documentation strings\n--------------------------------------------------------------------------------\n    AS ABOVE\n\n================================================================================\nSKIP: TestCard 1. test Card.__str__\n--------------------------------------------------------------------------------\n    AS ABOVE\n\n================================================================================\nSKIP: TestCard 2. test Card.__repr__\n--------------------------------------------------------------------------------\n    AS ABOVE\n\n================================================================================\nSKIP: TestNumberCard 1. test NumberCard.get_number\n--------------------------------------------------------------------------------\n    AS ABOVE\n\n================================================================================\nSKIP: TestNumberCard 2. test NumberCard.__str__\n--------------------------------------------------------------------------------\n    AS ABOVE\n\n================================================================================\nSKIP: TestNumberCard 3. test NumberCard.__repr__\n--------------------------------------------------------------------------------\n    AS ABOVE\n\n================================================================================\nSKIP: TestCoderCard 1. test CoderCard.get_name\n--------------------------------------------------------------------------------\n    AS ABOVE\n\n================================================================================\nSKIP: TestCoderCard 2. test CoderCard.__str__\n--------------------------------------------------------------------------------\n    AS ABOVE\n\n================================================================================\nSKIP: TestCoderCard 3. test CoderCard.__repr__\n--------------------------------------------------------------------------------\n    AS ABOVE\n\n================================================================================\nSKIP: TestTutorCard 1. test TutorCard.get_name\n--------------------------------------------------------------------------------\n    AS ABOVE\n\n================================================================================\nSKIP: TestTutorCard 2. test TutorCard.__str__\n--------------------------------------------------------------------------------\n    AS ABOVE\n\n================================================================================\nSKIP: TestTutorCard 3. test TutorCard.__repr__\n--------------------------------------------------------------------------------\n    AS ABOVE\n\n================================================================================\nSKIP: TestKeyboardKidnapperCard 1. test KeyboardKidnapperCard.__str__\n--------------------------------------------------------------------------------\n    AS ABOVE\n\n================================================================================\nSKIP: TestKeyboardKidnapperCard 2. test KeyboardKidnapperCard.__repr__\n--------------------------------------------------------------------------------\n    AS ABOVE\n\n================================================================================\nSKIP: TestAllNighterCard 1. test AllNighterCard.__str__\n--------------------------------------------------------------------------------\n    AS ABOVE\n\n================================================================================\nSKIP: TestAllNighterCard 2. test AllNighterCard.__repr__\n--------------------------------------------------------------------------------\n    AS ABOVE\n\n================================================================================\nERROR: TestDeck 1. test Deck.__init__\n--------------------------------------------------------------------------------\n    Traceback (most recent call last):\n      File \"test_a2.py\", line 394, in setUp\n        self._cards = [self.a2.Card() for _ in range(5)]\n      File \"test_a2.py\", line 394, in <listcomp>\n        self._cards = [self.a2.Card() for _ in range(5)]\n    AttributeError: 'NoneType' object has no attribute 'Card'\n\n================================================================================\nERROR: TestDeck 2. test Deck.get_cards\n--------------------------------------------------------------------------------\n    AS ABOVE\n\n================================================================================\nERROR: TestDeck 3. test Deck.get_card\n--------------------------------------------------------------------------------\n    AS ABOVE\n\n================================================================================\nERROR: TestDeck 4. test Deck.top\n--------------------------------------------------------------------------------\n    AS ABOVE\n\n================================================================================\nSKIP: TestDeck 5. test Deck.remove_card\n--------------------------------------------------------------------------------\n    Skipped due to failing\/skipping TestDeck.test_get_cards\n\n================================================================================\nERROR: TestDeck 6. test Deck.get_amount\n--------------------------------------------------------------------------------\n    Traceback (most recent call last):\n      File \"test_a2.py\", line 394, in setUp\n        self._cards = [self.a2.Card() for _ in range(5)]\n      File \"test_a2.py\", line 394, in <listcomp>\n        self._cards = [self.a2.Card() for _ in range(5)]\n    AttributeError: 'NoneType' object has no attribute 'Card'\n\n================================================================================\nERROR: TestDeck 7. test Deck.shuffle\n--------------------------------------------------------------------------------\n    AS ABOVE\n\n================================================================================\nSKIP: TestDeck 8. test Deck.pick\n--------------------------------------------------------------------------------\n    Skipped due to failing\/skipping TestDeck.test_get_cards\n\n================================================================================\nSKIP: TestDeck 9. test Deck.add_card\n--------------------------------------------------------------------------------\n    AS ABOVE\n\n================================================================================\nSKIP: TestDeck 10. test Deck.add_cards\n--------------------------------------------------------------------------------\n    AS ABOVE\n\n================================================================================\nSKIP: TestDeck 11. test Deck.copy\n--------------------------------------------------------------------------------\n    AS ABOVE\n\n================================================================================\nERROR: TestDeck 12. test Deck.__str__\n--------------------------------------------------------------------------------\n    Traceback (most recent call last):\n      File \"test_a2.py\", line 394, in setUp\n        self._cards = [self.a2.Card() for _ in range(5)]\n      File \"test_a2.py\", line 394, in <listcomp>\n        self._cards = [self.a2.Card() for _ in range(5)]\n    AttributeError: 'NoneType' object has no attribute 'Card'\n\n================================================================================\nERROR: TestDeck 13. test Deck.__repr__\n--------------------------------------------------------------------------------\n    AS ABOVE\n\n================================================================================\nERROR: TestDeck 14. test Deck with other cards\n--------------------------------------------------------------------------------\n    AS ABOVE\n\n================================================================================\nSKIP: TestPlayer 1. test Player.get_name\n--------------------------------------------------------------------------------\n    Failed to import 'a2.py'\n\n================================================================================\nSKIP: TestPlayer 2. test Player.get_hand\n--------------------------------------------------------------------------------\n    AS ABOVE\n\n================================================================================\nSKIP: TestPlayer 3. test Player.get_coders\n--------------------------------------------------------------------------------\n    AS ABOVE\n\n================================================================================\nSKIP: TestPlayer 4. test Player.has_won\n--------------------------------------------------------------------------------\n    Skipped due to failing\/skipping TestPlayer.test_get_coders\n\n================================================================================\nSKIP: TestPlayer 5. test Player.__str__\n--------------------------------------------------------------------------------\n    Failed to import 'a2.py'\n\n================================================================================\nSKIP: TestPlayer 6. test Player.__repr__\n--------------------------------------------------------------------------------\n    AS ABOVE\n\n================================================================================\nSKIP: TestPlayer 7. test Player with cards in deck\n--------------------------------------------------------------------------------\n    Skipped due to failing\/skipping TestPlayer.test_get_coders\n\n================================================================================\nSKIP: TestPlayer 8. test Player.__repr__ with cards in deck\n--------------------------------------------------------------------------------\n    AS ABOVE\n\n================================================================================\nSKIP: TestPlayAndAction 1. test Card.play\n--------------------------------------------------------------------------------\n    Failed to import 'a2_support.py'\n\n================================================================================\nSKIP: TestPlayAndAction 2. test Card.action\n--------------------------------------------------------------------------------\n    AS ABOVE\n\n================================================================================\nSKIP: TestPlayAndAction 3. test NumberCard.play\n--------------------------------------------------------------------------------\n    AS ABOVE\n\n================================================================================\nSKIP: TestPlayAndAction 4. test NumberCard.action\n--------------------------------------------------------------------------------\n    AS ABOVE\n\n================================================================================\nSKIP: TestPlayAndAction 5. test CoderCard.play\n--------------------------------------------------------------------------------\n    AS ABOVE\n\n================================================================================\nSKIP: TestPlayAndAction 6. test CoderCard.action\n--------------------------------------------------------------------------------\n    AS ABOVE\n\n================================================================================\nSKIP: TestPlayAndAction 7. test TutorCard.play\n--------------------------------------------------------------------------------\n    AS ABOVE\n\n================================================================================\nSKIP: TestPlayAndAction 8. test TutorCard.action\n--------------------------------------------------------------------------------\n    AS ABOVE\n\n================================================================================\nSKIP: TestPlayAndAction 9. test KeyboardKidnapperCard.play\n--------------------------------------------------------------------------------\n    AS ABOVE\n\n================================================================================\nSKIP: TestPlayAndAction 10. test KeyboardKidnapperCard.action\n--------------------------------------------------------------------------------\n    AS ABOVE\n\n================================================================================\nSKIP: TestPlayAndAction 11. test AllNighterCard.play\n--------------------------------------------------------------------------------\n    AS ABOVE\n\n================================================================================\nSKIP: TestPlayAndAction 12. test AllNighterCard.action\n--------------------------------------------------------------------------------\n    AS ABOVE\n\n--------------------------------------------------------------------------------\nRan 54 tests in 0.007 seconds with 1 passed\/44 skipped\/9 failed.\n","Current Grade":"Needs Grading","Submission Field":"There is no student submission text data for this assignment.","test":{"total":54,"failed":9,"passed":1,"time":0.04155981900112238,"results":{"TestDesign":{"test_clean_import":"?","test_classes_defined":"?","test_classes_defined_correctly":"?","test_doc_strings":"?"},"TestCoderCard":{"test_repr":"?","test_get_number":"?","test_str":"?"},"TestDeck":{"test_str_with_other_cards":"-","test_get_card":"-","test_get_cards":"-","test_top":"-","test_shuffle":"-","test_copy":"?","test_deck_init":"-","test_repr":"-","test_pick":"?","test_add_cards":"?","test_get_amount":"-","test_str":"-","test_remove_card":"?","test_add_card":"?"},"TestNumberCard":{"test_repr":"?","test_get_number":"?","test_str":"?"},"TestCard":{"test_repr":"?","test_str":"?"},"TestPlayer":{"test_get_coders":"?","test_str_cards":"?","test_repr":"?","test_repr_cards":"?","test_has_won":"?","test_get_name":"?","test_str":"?","test_get_hand":"?"},"TestAllNighterCard":{"test_repr":"?","test_str":"?"},"TestPlayAndAction":{"test_number_action":"?","test_coder_play":"?","test_keyboard_action":"?","test_card_action":"?","test_number_play":"?","test_card_play":"?","test_all_nighter_play":"?","test_keyboard_play":"?","test_all_nighter_action":"?","test_coder_action":"?","test_tutor_play":"?","test_tutor_action":"?"},"TestKeyboardKidnapperCard":{"test_repr":"?","test_str":"?"},"TestTutorCard":{"test_repr":"?","test_get_number":"?","test_str":"?"},"TestNoPrint":{"runTest":"+"}},"errors":[{"error_message":"Tests not run due to arbitrary exception\nTraceback (most recent call last):\n  File \"a2_support.py\", line 8, in <module>\n    from a2 import NumberCard, TutorCard, CoderCard, AllNighterCard, KeyboardKidnapperCard\nModuleNotFoundError: No module named 'a2'\n","error":"exception"},{"error_message":"Tests not run due to arbitrary exception\nTraceback (most recent call last):\n  File \"a2_support.py\", line 8, in <module>\n    from a2 import NumberCard, TutorCard, CoderCard, AllNighterCard, KeyboardKidnapperCard\nModuleNotFoundError: No module named 'a2'\n","error":"exception"}],"skipped":44},"Comments":"There are no student comments for this assignment.","root":".","Date Submitted":"Friday, 20 September 2019 8:21:08 PM AEST","files":{"a2.py":"Assignment 2_s1234566_attempt_2019-09-20-20-21-08_a2.py"},"Name":"Connor Christoph (s1234566)","sid":"s1234566","timestamp":1576221307}